<?xml version="1.0" encoding="UTF-8" standalone="no"?><!DOCTYPE report PUBLIC "-//JACOCO//DTD Report 1.1//EN" "report.dtd"><report name="Pester (02/08/2021 19:46:13)"><sessioninfo id="this" start="1612813572772" dump="1612813573452" /><package name="Libraries"><class name="Libraries/classes" sourcefilename="classes.ps1"><method name="&lt;script&gt;" desc="()" line="8"><counter type="INSTRUCTION" missed="1" covered="0" /><counter type="LINE" missed="1" covered="0" /><counter type="METHOD" missed="1" covered="0" /></method><method name="Tasklet" desc="()" line="12"><counter type="INSTRUCTION" missed="0" covered="13" /><counter type="LINE" missed="0" covered="10" /><counter type="METHOD" missed="0" covered="1" /></method><method name="AddToDb" desc="()" line="28"><counter type="INSTRUCTION" missed="0" covered="7" /><counter type="LINE" missed="0" covered="5" /><counter type="METHOD" missed="0" covered="1" /></method><method name="UpdateDb" desc="()" line="37"><counter type="INSTRUCTION" missed="0" covered="7" /><counter type="LINE" missed="0" covered="4" /><counter type="METHOD" missed="0" covered="1" /></method><counter type="INSTRUCTION" missed="1" covered="27" /><counter type="LINE" missed="1" covered="19" /><counter type="METHOD" missed="1" covered="3" /><counter type="CLASS" missed="1" covered="0" /></class><class name="Libraries/cmdlets" sourcefilename="cmdlets.ps1"><method name="Add-Tasklet" desc="()" line="8"><counter type="INSTRUCTION" missed="0" covered="12" /><counter type="LINE" missed="0" covered="9" /><counter type="METHOD" missed="0" covered="1" /></method><method name="New-TaskletDatabase" desc="()" line="31"><counter type="INSTRUCTION" missed="1" covered="14" /><counter type="LINE" missed="1" covered="9" /><counter type="METHOD" missed="0" covered="1" /></method><method name="Get-Tasklet" desc="()" line="55"><counter type="INSTRUCTION" missed="1" covered="25" /><counter type="LINE" missed="1" covered="17" /><counter type="METHOD" missed="0" covered="1" /></method><method name="Register-TaskletTouch" desc="()" line="97"><counter type="INSTRUCTION" missed="3" covered="31" /><counter type="LINE" missed="2" covered="23" /><counter type="METHOD" missed="0" covered="1" /></method><method name="Complete-Tasklet" desc="()" line="163"><counter type="INSTRUCTION" missed="5" covered="15" /><counter type="LINE" missed="3" covered="6" /><counter type="METHOD" missed="0" covered="1" /></method><counter type="INSTRUCTION" missed="10" covered="97" /><counter type="LINE" missed="7" covered="64" /><counter type="METHOD" missed="0" covered="5" /><counter type="CLASS" missed="0" covered="1" /></class><class name="Libraries/functions" sourcefilename="functions.ps1"><method name="Get-DynamicParam" desc="()" line="4"><counter type="INSTRUCTION" missed="0" covered="19" /><counter type="LINE" missed="0" covered="16" /><counter type="METHOD" missed="0" covered="1" /></method><method name="Get-TaskletConfig" desc="()" line="29"><counter type="INSTRUCTION" missed="0" covered="2" /><counter type="LINE" missed="0" covered="1" /><counter type="METHOD" missed="0" covered="1" /></method><counter type="INSTRUCTION" missed="0" covered="21" /><counter type="LINE" missed="0" covered="17" /><counter type="METHOD" missed="0" covered="2" /><counter type="CLASS" missed="0" covered="1" /></class><sourcefile name="classes.ps1"><line nr="8" mi="1" ci="0" /><line nr="12" mi="0" ci="1" /><line nr="13" mi="0" ci="1" /><line nr="14" mi="0" ci="2" /><line nr="15" mi="0" ci="2" /><line nr="19" mi="0" ci="1" /><line nr="20" mi="0" ci="1" /><line nr="21" mi="0" ci="1" /><line nr="22" mi="0" ci="1" /><line nr="23" mi="0" ci="1" /><line nr="24" mi="0" ci="2" /><line nr="28" mi="0" ci="2" /><line nr="29" mi="0" ci="2" /><line nr="31" mi="0" ci="1" /><line nr="32" mi="0" ci="1" /><line nr="33" mi="0" ci="1" /><line nr="37" mi="0" ci="2" /><line nr="38" mi="0" ci="1" /><line nr="39" mi="0" ci="3" /><line nr="40" mi="0" ci="1" /><counter type="INSTRUCTION" missed="1" covered="27" /><counter type="LINE" missed="1" covered="19" /><counter type="METHOD" missed="1" covered="3" /><counter type="CLASS" missed="1" covered="0" /></sourcefile><sourcefile name="cmdlets.ps1"><line nr="8" mi="0" ci="1" /><line nr="9" mi="0" ci="3" /><line nr="10" mi="0" ci="1" /><line nr="13" mi="0" ci="1" /><line nr="16" mi="0" ci="1" /><line nr="17" mi="0" ci="1" /><line nr="18" mi="0" ci="2" /><line nr="22" mi="0" ci="1" /><line nr="23" mi="0" ci="1" /><line nr="31" mi="0" ci="2" /><line nr="33" mi="0" ci="1" /><line nr="35" mi="0" ci="2" /><line nr="36" mi="0" ci="2" /><line nr="37" mi="0" ci="2" /><line nr="38" mi="0" ci="2" /><line nr="39" mi="0" ci="1" /><line nr="41" mi="0" ci="1" /><line nr="42" mi="0" ci="1" /><line nr="45" mi="1" ci="0" /><line nr="55" mi="0" ci="1" /><line nr="56" mi="0" ci="3" /><line nr="57" mi="0" ci="1" /><line nr="61" mi="0" ci="1" /><line nr="63" mi="0" ci="2" /><line nr="64" mi="0" ci="1" /><line nr="65" mi="0" ci="2" /><line nr="68" mi="0" ci="1" /><line nr="69" mi="0" ci="1" /><line nr="70" mi="0" ci="2" /><line nr="72" mi="0" ci="1" /><line nr="73" mi="0" ci="2" /><line nr="76" mi="0" ci="1" /><line nr="77" mi="0" ci="1" /><line nr="81" mi="0" ci="2" /><line nr="82" mi="0" ci="1" /><line nr="83" mi="0" ci="2" /><line nr="86" mi="1" ci="0" /><line nr="97" mi="0" ci="1" /><line nr="98" mi="0" ci="3" /><line nr="99" mi="0" ci="1" /><line nr="103" mi="0" ci="1" /><line nr="105" mi="0" ci="1" /><line nr="106" mi="0" ci="1" /><line nr="107" mi="2" ci="0" /><line nr="109" mi="0" ci="1" /><line nr="110" mi="0" ci="2" /><line nr="114" mi="0" ci="1" /><line nr="115" mi="0" ci="1" /><line nr="116" mi="0" ci="2" /><line nr="118" mi="0" ci="1" /><line nr="119" mi="0" ci="1" /><line nr="120" mi="0" ci="1" /><line nr="121" mi="0" ci="2" /><line nr="124" mi="1" ci="0" /><line nr="131" mi="0" ci="2" /><line nr="132" mi="0" ci="2" /><line nr="133" mi="0" ci="1" /><line nr="139" mi="0" ci="1" /><line nr="140" mi="0" ci="2" /><line nr="141" mi="0" ci="1" /><line nr="143" mi="0" ci="1" /><line nr="145" mi="0" ci="1" /><line nr="163" mi="0" ci="2" /><line nr="166" mi="0" ci="4" /><line nr="168" mi="0" ci="2" /><line nr="169" mi="0" ci="3" /><line nr="170" mi="0" ci="2" /><line nr="172" mi="1" ci="0" /><line nr="175" mi="2" ci="0" /><line nr="176" mi="2" ci="0" /><line nr="180" mi="0" ci="2" /><counter type="INSTRUCTION" missed="10" covered="97" /><counter type="LINE" missed="7" covered="64" /><counter type="METHOD" missed="0" covered="5" /><counter type="CLASS" missed="0" covered="1" /></sourcefile><sourcefile name="functions.ps1"><line nr="4" mi="0" ci="1" /><line nr="5" mi="0" ci="1" /><line nr="7" mi="0" ci="2" /><line nr="9" mi="0" ci="1" /><line nr="10" mi="0" ci="1" /><line nr="11" mi="0" ci="1" /><line nr="12" mi="0" ci="1" /><line nr="14" mi="0" ci="1" /><line nr="15" mi="0" ci="1" /><line nr="17" mi="0" ci="1" /><line nr="18" mi="0" ci="2" /><line nr="19" mi="0" ci="1" /><line nr="21" mi="0" ci="2" /><line nr="22" mi="0" ci="1" /><line nr="23" mi="0" ci="1" /><line nr="25" mi="0" ci="1" /><line nr="29" mi="0" ci="2" /><counter type="INSTRUCTION" missed="0" covered="21" /><counter type="LINE" missed="0" covered="17" /><counter type="METHOD" missed="0" covered="2" /><counter type="CLASS" missed="0" covered="1" /></sourcefile><counter type="INSTRUCTION" missed="11" covered="145" /><counter type="LINE" missed="8" covered="100" /><counter type="METHOD" missed="1" covered="10" /><counter type="CLASS" missed="1" covered="2" /></package><counter type="INSTRUCTION" missed="11" covered="145" /><counter type="LINE" missed="8" covered="100" /><counter type="METHOD" missed="1" covered="10" /><counter type="CLASS" missed="1" covered="2" /></report>
